[TrendPulse] Starting server on port 8766...
[TrendPulse] Server starting at http://localhost:8766
 * Serving Flask app 'app'
 * Debug mode: off
[TrendPulse] Starting server on port 8766...
[TrendPulse] Server starting at http://localhost:8766
 * Serving Flask app 'app'
 * Debug mode: off
[TrendPulse] Starting server on port 8766...
[TrendPulse] Server starting at http://localhost:8766
 * Serving Flask app 'app'
 * Debug mode: off
[TrendPulse] Starting server on port 8766...
[TrendPulse] Server starting at http://localhost:8766
 * Serving Flask app 'app'
 * Debug mode: off
[TrendPulse] Starting server on port 8766...
[TrendPulse] Server starting at http://localhost:8766
 * Serving Flask app 'app'
 * Debug mode: off
[TrendPulse] Starting server on port 8766...
[TrendPulse] Server starting at http://localhost:8766
 * Serving Flask app 'app'
 * Debug mode: off
[TrendPulse] Starting server on port 8766...
[TrendPulse] Server starting at http://localhost:8766
 * Serving Flask app 'app'
 * Debug mode: off
[TrendPulse] Starting server on port 8766...
[TrendPulse] Server starting at http://localhost:8766
 * Serving Flask app 'app'
 * Debug mode: off
[TrendPulse] Starting server on port 8766...
[TrendPulse] Server starting at http://localhost:8766
 * Serving Flask app 'app'
 * Debug mode: off
[TrendPulse] Starting server on port 8766...
[TrendPulse] Server starting at http://localhost:8766
 * Serving Flask app 'app'
 * Debug mode: off
[TrendPulse] Starting server on port 8766...
[TrendPulse] Server starting at http://localhost:8766
 * Serving Flask app 'app'
 * Debug mode: off
[TrendPulse] Starting server on port 8766...
[TrendPulse] Server starting at http://localhost:8766
 * Serving Flask app 'app'
 * Debug mode: off
[TrendPulse] Starting server on port 8766...
[TrendPulse] Server starting at http://localhost:8766
 * Serving Flask app 'app'
 * Debug mode: off
[TrendPulse] Starting server on port 8766...
[TrendPulse] Server starting at http://localhost:8766
 * Serving Flask app 'app'
 * Debug mode: off
[TrendPulse] Starting server on port 8766...
[TrendPulse] Server starting at http://localhost:8766
 * Serving Flask app 'app'
 * Debug mode: off
[TrendPulse] Starting server on port 8766...
[TrendPulse] Server starting at http://localhost:8766
 * Serving Flask app 'app'
 * Debug mode: off
[TrendPulse] Starting server on port 8766...
[TrendPulse] Server starting at http://localhost:8766
 * Serving Flask app 'app'
 * Debug mode: off
[TrendPulse] Starting server on port 8766...
[TrendPulse] Server starting at http://localhost:8766
 * Serving Flask app 'app'
 * Debug mode: off
[TrendPulse] Starting server on port 8766...
[TrendPulse] Server starting at http://localhost:8766
 * Serving Flask app 'app'
 * Debug mode: off
[TrendPulse] Starting server on port 8766...
[TrendPulse] Server starting at http://localhost:8766
 * Serving Flask app 'app'
 * Debug mode: off
[TrendPulse] Starting server on port 8766...
[TrendPulse] Server starting at http://localhost:8766
 * Serving Flask app 'app'
 * Debug mode: off
[TrendPulse] Starting server on port 8766...
[TrendPulse] Server starting at http://localhost:8766
 * Serving Flask app 'app'
 * Debug mode: off
[TrendPulse] Starting server on port 8766...
[TrendPulse] Server starting at http://localhost:8766
 * Serving Flask app 'app'
 * Debug mode: off
[TrendPulse] Starting server on port 8766...
[TrendPulse] Server starting at http://localhost:8766
 * Serving Flask app 'app'
 * Debug mode: off
[TrendPulse] Starting server on port 8766...
[TrendPulse] Server starting at http://localhost:8766
 * Serving Flask app 'app'
 * Debug mode: off
[TrendPulse] Starting server on port 8766...
[TrendPulse] Server starting at http://localhost:8766
 * Serving Flask app 'app'
 * Debug mode: off
[TrendPulse] Starting server on port 8766...
[TrendPulse] Server starting at http://localhost:8766
 * Serving Flask app 'app'
 * Debug mode: off
[TrendPulse] Starting server on port 8766...
[TrendPulse] Server starting at http://localhost:8766
 * Serving Flask app 'app'
 * Debug mode: off
[TrendPulse] Starting server on port 8766...
[TrendPulse] Server starting at http://localhost:8766
 * Serving Flask app 'app'
 * Debug mode: off
[TrendPulse] Starting server on port 8766...
[TrendPulse] Server starting at http://localhost:8766
 * Serving Flask app 'app'
 * Debug mode: off
[TrendPulse] Starting server on port 8766...
[TrendPulse] Server starting at http://localhost:8766
 * Serving Flask app 'app'
 * Debug mode: off
[TrendPulse] Starting server on port 8766...
[TrendPulse] Server starting at http://localhost:8766
 * Serving Flask app 'app'
 * Debug mode: off
[TrendPulse] Starting server on port 8766...
[TrendPulse] Server starting at http://localhost:8766
 * Serving Flask app 'app'
 * Debug mode: off
[TrendPulse] Starting server on port 8766...
[TrendPulse] Server starting at http://localhost:8766
 * Serving Flask app 'app'
 * Debug mode: off
[TrendPulse] Starting server on port 8766...
[TrendPulse] Server starting at http://localhost:8766
 * Serving Flask app 'app'
 * Debug mode: off
[TrendPulse] Starting server on port 8766...
[TrendPulse] Server starting at http://localhost:8766
 * Serving Flask app 'app'
 * Debug mode: off
[TrendPulse] Starting server on port 8766...
[TrendPulse] Server starting at http://localhost:8766
 * Serving Flask app 'app'
 * Debug mode: off
[TrendPulse] Starting server on port 8766...
[TrendPulse] Server starting at http://localhost:8766
 * Serving Flask app 'app'
 * Debug mode: off
[TrendPulse] Starting server on port 8766...
[TrendPulse] Server starting at http://localhost:8766
 * Serving Flask app 'app'
 * Debug mode: off
[TrendPulse] Starting server on port 8766...
[TrendPulse] Server starting at http://localhost:8766
 * Serving Flask app 'app'
 * Debug mode: off
[TrendPulse] Starting server on port 8766...
[TrendPulse] Server starting at http://localhost:8766
 * Serving Flask app 'app'
 * Debug mode: off
[TrendPulse] Starting server on port 8766...
[TrendPulse] Server starting at http://localhost:8766
 * Serving Flask app 'app'
 * Debug mode: off
[TrendPulse] Starting server on port 8766...
[TrendPulse] Server starting at http://localhost:8766
 * Serving Flask app 'app'
 * Debug mode: off
[TrendPulse] Starting server on port 8766...
[TrendPulse] Server starting at http://localhost:8766
 * Serving Flask app 'app'
 * Debug mode: off
[TrendPulse] Starting server on port 8766...
[TrendPulse] Server starting at http://localhost:8766
 * Serving Flask app 'app'
 * Debug mode: off
[TrendPulse] Starting server on port 8766...
[TrendPulse] Server starting at http://localhost:8766
 * Serving Flask app 'app'
 * Debug mode: off
[TrendPulse] Starting server on port 8766...
[TrendPulse] Server starting at http://localhost:8766
 * Serving Flask app 'app'
 * Debug mode: off
[TrendPulse] Starting server on port 8766...
[TrendPulse] Server starting at http://localhost:8766
 * Serving Flask app 'app'
 * Debug mode: off
[TrendPulse] Starting server on port 8766...
[TrendPulse] Server starting at http://localhost:8766
 * Serving Flask app 'app'
 * Debug mode: off
[TrendPulse] Starting server on port 8766...
[TrendPulse] Server starting at http://localhost:8766
 * Serving Flask app 'app'
 * Debug mode: off
[TrendPulse] Starting server on port 8766...
[TrendPulse] Server starting at http://localhost:8766
 * Serving Flask app 'app'
 * Debug mode: off
[TrendPulse] Starting server on port 8766...
[TrendPulse] Server starting at http://localhost:8766
 * Serving Flask app 'app'
 * Debug mode: off
[TrendPulse] Starting server on port 8766...
[TrendPulse] Server starting at http://localhost:8766
 * Serving Flask app 'app'
 * Debug mode: off
[TrendPulse] Starting server on port 8766...
[TrendPulse] Server starting at http://localhost:8766
 * Serving Flask app 'app'
 * Debug mode: off
[TrendPulse] Starting server on port 8766...
[TrendPulse] Server starting at http://localhost:8766
 * Serving Flask app 'app'
 * Debug mode: off
[TrendPulse] Starting server on port 8766...
[TrendPulse] Server starting at http://localhost:8766
 * Serving Flask app 'app'
 * Debug mode: off
[TrendPulse] Starting server on port 8766...
[TrendPulse] Server starting at http://localhost:8766
 * Serving Flask app 'app'
 * Debug mode: off
[TrendPulse] Starting server on port 8766...
[TrendPulse] Server starting at http://localhost:8766
 * Serving Flask app 'app'
 * Debug mode: off
[TrendPulse] Starting server on port 8766...
[TrendPulse] Server starting at http://localhost:8766
 * Serving Flask app 'app'
 * Debug mode: off
[TrendPulse] Starting server on port 8766...
[TrendPulse] Server starting at http://localhost:8766
 * Serving Flask app 'app'
 * Debug mode: off
[TrendPulse] Starting server on port 8766...
[TrendPulse] Server starting at http://localhost:8766
 * Serving Flask app 'app'
 * Debug mode: off
[TrendPulse] Starting server on port 8766...
[TrendPulse] Server starting at http://localhost:8766
 * Serving Flask app 'app'
 * Debug mode: off
[TrendPulse] Starting server on port 8766...
[TrendPulse] Server starting at http://localhost:8766
 * Serving Flask app 'app'
 * Debug mode: off
[TrendPulse] Starting server on port 8766...
[TrendPulse] Server starting at http://localhost:8766
 * Serving Flask app 'app'
 * Debug mode: off
[TrendPulse] Starting server on port 8766...
[TrendPulse] Server starting at http://localhost:8766
 * Serving Flask app 'app'
 * Debug mode: off
[TrendPulse] Starting server on port 8766...
[TrendPulse] Server starting at http://localhost:8766
 * Serving Flask app 'app'
 * Debug mode: off
[TrendPulse] Starting server on port 8766...
[TrendPulse] Server starting at http://localhost:8766
 * Serving Flask app 'app'
 * Debug mode: off
[TrendPulse] Starting server on port 8766...
[TrendPulse] Server starting at http://localhost:8766
 * Serving Flask app 'app'
 * Debug mode: off
[TrendPulse] Starting server on port 8766...
[TrendPulse] Server starting at http://localhost:8766
 * Serving Flask app 'app'
 * Debug mode: off
[TrendPulse] Starting server on port 8766...
[TrendPulse] Server starting at http://localhost:8766
 * Serving Flask app 'app'
 * Debug mode: off
[TrendPulse] Starting server on port 8766...
[TrendPulse] Server starting at http://localhost:8766
 * Serving Flask app 'app'
 * Debug mode: off
[TrendPulse] Starting server on port 8766...
[TrendPulse] Server starting at http://localhost:8766
 * Serving Flask app 'app'
 * Debug mode: off
[TrendPulse] Starting server on port 8766...
[TrendPulse] Server starting at http://localhost:8766
 * Serving Flask app 'app'
 * Debug mode: off
[TrendPulse] Starting server on port 8766...
[TrendPulse] Server starting at http://localhost:8766
 * Serving Flask app 'app'
 * Debug mode: off
[TrendPulse] Starting server on port 8766...
[TrendPulse] Server starting at http://localhost:8766
 * Serving Flask app 'app'
 * Debug mode: off
[TrendPulse] Starting server on port 8766...
[TrendPulse] Server starting at http://localhost:8766
 * Serving Flask app 'app'
 * Debug mode: off
[TrendPulse] Starting server on port 8766...
[TrendPulse] Server starting at http://localhost:8766
 * Serving Flask app 'app'
 * Debug mode: off
[TrendPulse] Starting server on port 8766...
[TrendPulse] Server starting at http://localhost:8766
 * Serving Flask app 'app'
 * Debug mode: off
[TrendPulse] Starting server on port 8766...
[TrendPulse] Server starting at http://localhost:8766
 * Serving Flask app 'app'
 * Debug mode: off
[TrendPulse] Starting server on port 8766...
[TrendPulse] Server starting at http://localhost:8766
 * Serving Flask app 'app'
 * Debug mode: off
[TrendPulse] Starting server on port 8766...
[TrendPulse] Server starting at http://localhost:8766
 * Serving Flask app 'app'
 * Debug mode: off
[TrendPulse] Starting server on port 8766...
[TrendPulse] Server starting at http://localhost:8766
 * Serving Flask app 'app'
 * Debug mode: off
[TrendPulse] Starting server on port 8766...
[TrendPulse] Server starting at http://localhost:8766
 * Serving Flask app 'app'
 * Debug mode: off
[TrendPulse] Starting server on port 8766...
[TrendPulse] Server starting at http://localhost:8766
 * Serving Flask app 'app'
 * Debug mode: off
[TrendPulse] Starting server on port 8766...
[TrendPulse] Server starting at http://localhost:8766
 * Serving Flask app 'app'
 * Debug mode: off
[TrendPulse] Starting server on port 8766...
[TrendPulse] Server starting at http://localhost:8766
 * Serving Flask app 'app'
 * Debug mode: off
[TrendPulse] Starting server on port 8766...
[TrendPulse] Server starting at http://localhost:8766
 * Serving Flask app 'app'
 * Debug mode: off
[TrendPulse] Starting server on port 8766...
[TrendPulse] Server starting at http://localhost:8766
 * Serving Flask app 'app'
 * Debug mode: off
[TrendPulse] Starting server on port 8766...
[TrendPulse] Server starting at http://localhost:8766
 * Serving Flask app 'app'
 * Debug mode: off
[TrendPulse] Starting server on port 8766...
[TrendPulse] Server starting at http://localhost:8766
 * Serving Flask app 'app'
 * Debug mode: off
[TrendPulse] Starting server on port 8766...
[TrendPulse] Server starting at http://localhost:8766
 * Serving Flask app 'app'
 * Debug mode: off
[TrendPulse] Starting server on port 8766...
[TrendPulse] Starting server on port 8766...
[TrendPulse] Server starting at http://localhost:8766
 * Serving Flask app 'app'
 * Debug mode: off
[TrendPulse] Starting server on port 8766...
[TrendPulse] Server starting at http://localhost:8766
 * Serving Flask app 'app'
 * Debug mode: off
[TrendPulse] Starting server on port 8766...
[TrendPulse] Server starting at http://localhost:8766
 * Serving Flask app 'app'
 * Debug mode: off
[TrendPulse] Starting server on port 8766...
[TrendPulse] Server starting at http://localhost:8766
 * Serving Flask app 'app'
 * Debug mode: off
[TrendPulse] Starting server on port 8766...
[TrendPulse] Server starting at http://localhost:8766
 * Serving Flask app 'app'
 * Debug mode: off
[TrendPulse] Starting server on port 8766...
[TrendPulse] Server starting at http://localhost:8766
 * Serving Flask app 'app'
 * Debug mode: off
[TrendPulse] Starting server on port 8766...
[TrendPulse] Server starting at http://localhost:8766
 * Serving Flask app 'app'
 * Debug mode: off
[TrendPulse] Starting server on port 8766...
[TrendPulse] Server starting at http://localhost:8766
 * Serving Flask app 'app'
 * Debug mode: off
[TrendPulse] Starting server on port 8766...
[TrendPulse] Server starting at http://localhost:8766
 * Serving Flask app 'app'
 * Debug mode: off
[TrendPulse] Starting server on port 8766...
[TrendPulse] Server starting at http://localhost:8766
 * Serving Flask app 'app'
 * Debug mode: off
[TrendPulse] Starting server on port 8766...
[TrendPulse] Server starting at http://localhost:8766
 * Serving Flask app 'app'
 * Debug mode: off
[TrendPulse] Starting server on port 8766...
[TrendPulse] Server starting at http://localhost:8766
 * Serving Flask app 'app'
 * Debug mode: off
[TrendPulse] Starting server on port 8766...
[TrendPulse] Server starting at http://localhost:8766
 * Serving Flask app 'app'
 * Debug mode: off
[TrendPulse] Starting server on port 8766...
[TrendPulse] Server starting at http://localhost:8766
 * Serving Flask app 'app'
 * Debug mode: off
[TrendPulse] Starting server on port 8766...
[TrendPulse] Server starting at http://localhost:8766
 * Serving Flask app 'app'
 * Debug mode: off
[TrendPulse] Starting server on port 8766...
[TrendPulse] Server starting at http://localhost:8766
 * Serving Flask app 'app'
 * Debug mode: off
[Collector] https://hacker-news.firebaseio.com/v0/item/48323869.json → <urlopen error EOF occurred in violation of protocol (_ssl.c:1129)>
[Collector] https://api.binance.com/api/v3/ticker/24hr → <urlopen error timed out>
[Collector] https://api.binance.com/api/v3/ticker/24hr → <urlopen error timed out>
[Collector] https://api.binance.com/api/v3/ticker/24hr → <urlopen error timed out>
[Collector] https://api.binance.com/api/v3/ticker/24hr → <urlopen error [Errno 51] Network is unreachable>
[Collector] https://api.binance.com/api/v3/ticker/24hr → <urlopen error timed out>
[Collector] https://query1.finance.yahoo.com/v8/finance/chart/GOOGL?inte → HTTP Error 400: Bad Request
[Collector] https://query1.finance.yahoo.com/v8/finance/chart/COIN?inter → HTTP Error 400: Bad Request
[Collector] https://hacker-news.firebaseio.com/v0/item/48326802.json → <urlopen error _ssl.c:1112: The handshake operation timed out>
[Collector] https://hacker-news.firebaseio.com/v0/item/48324853.json → The read operation timed out
[Collector] https://query1.finance.yahoo.com/v8/finance/chart/AAPL?inter → <urlopen error _ssl.c:1112: The handshake operation timed out>
[Collector] https://query1.finance.yahoo.com/v8/finance/chart/MSFT?inter → <urlopen error _ssl.c:1112: The handshake operation timed out>
[Collector] https://query1.finance.yahoo.com/v8/finance/chart/GOOGL?inte → <urlopen error _ssl.c:1112: The handshake operation timed out>
[Collector] https://query1.finance.yahoo.com/v8/finance/chart/META?inter → <urlopen error _ssl.c:1112: The handshake operation timed out>
[Collector] https://query1.finance.yahoo.com/v8/finance/chart/SPY?interv → <urlopen error _ssl.c:1112: The handshake operation timed out>
[Collector] https://query1.finance.yahoo.com/v8/finance/chart/QQQ?interv → <urlopen error _ssl.c:1112: The handshake operation timed out>
[Collector] https://query1.finance.yahoo.com/v8/finance/chart/COIN?inter → <urlopen error _ssl.c:1112: The handshake operation timed out>
[Collector] https://query1.finance.yahoo.com/v8/finance/chart/GME?interv → <urlopen error _ssl.c:1112: The handshake operation timed out>
[Collector] https://api.binance.com/api/v3/ticker/24hr → <urlopen error _ssl.c:1112: The handshake operation timed out>
[Collector] https://api.github.com/search/repositories?q=stars:%3E100+pu → The read operation timed out
[Collector] https://hacker-news.firebaseio.com/v0/item/48326802.json → <urlopen error _ssl.c:1112: The handshake operation timed out>
[Collector] https://hacker-news.firebaseio.com/v0/item/48331786.json → <urlopen error _ssl.c:1112: The handshake operation timed out>
[TrendPulse] Starting server on port 8766...
[TrendPulse] Server starting at http://localhost:8766
 * Serving Flask app 'app'
 * Debug mode: off
[TrendPulse] Starting server on port 8766...
[TrendPulse] Server starting at http://localhost:8766
 * Serving Flask app 'app'
 * Debug mode: off
[TrendPulse] Starting server on port 8766...
[TrendPulse] Server starting at http://localhost:8766
 * Serving Flask app 'app'
 * Debug mode: off
[TrendPulse] Starting server on port 8766...
[TrendPulse] Server starting at http://localhost:8766
 * Serving Flask app 'app'
 * Debug mode: off
[Collector] https://hacker-news.firebaseio.com/v0/item/48324712.json → <urlopen error _ssl.c:1112: The handshake operation timed out>
[Collector] https://hacker-news.firebaseio.com/v0/topstories.json → The read operation timed out
[Collector] https://query1.finance.yahoo.com/v8/finance/chart/AAPL?inter → <urlopen error _ssl.c:1112: The handshake operation timed out>
[TrendPulse] Starting server on port 8766...
[TrendPulse] Server starting at http://localhost:8766
 * Serving Flask app 'app'
 * Debug mode: off
[TrendPulse] Starting server on port 8766...
[TrendPulse] Server starting at http://localhost:8766
 * Serving Flask app 'app'
 * Debug mode: off
[TrendPulse] Starting server on port 8766...
[TrendPulse] Server starting at http://localhost:8766
 * Serving Flask app 'app'
 * Debug mode: off
[TrendPulse] Starting server on port 8766...
[TrendPulse] Server starting at http://localhost:8766
 * Serving Flask app 'app'
 * Debug mode: off
[TrendPulse] Starting server on port 8766...
[TrendPulse] Server starting at http://localhost:8766
 * Serving Flask app 'app'
 * Debug mode: off
[TrendPulse] Starting server on port 8766...
[TrendPulse] Server starting at http://localhost:8766
 * Serving Flask app 'app'
 * Debug mode: off
[Collector] https://hacker-news.firebaseio.com/v0/item/48331786.json → The read operation timed out
[Collector] https://hacker-news.firebaseio.com/v0/item/48330436.json → <urlopen error _ssl.c:1112: The handshake operation timed out>
[Collector] https://hacker-news.firebaseio.com/v0/item/48331511.json → <urlopen error _ssl.c:1112: The handshake operation timed out>
[Collector] https://hacker-news.firebaseio.com/v0/item/48324853.json → <urlopen error _ssl.c:1112: The handshake operation timed out>
[Collector] https://query1.finance.yahoo.com/v8/finance/chart/MSFT?inter → <urlopen error _ssl.c:1112: The handshake operation timed out>
[Collector] https://query1.finance.yahoo.com/v8/finance/chart/GOOGL?inte → <urlopen error _ssl.c:1112: The handshake operation timed out>
[Collector] https://query1.finance.yahoo.com/v8/finance/chart/NVDA?inter → <urlopen error _ssl.c:1112: The handshake operation timed out>
[Collector] https://query1.finance.yahoo.com/v8/finance/chart/TSLA?inter → <urlopen error _ssl.c:1112: The handshake operation timed out>
[Collector] https://query1.finance.yahoo.com/v8/finance/chart/META?inter → <urlopen error _ssl.c:1112: The handshake operation timed out>
[Collector] https://query1.finance.yahoo.com/v8/finance/chart/SPY?interv → <urlopen error _ssl.c:1112: The handshake operation timed out>
[Collector] https://query1.finance.yahoo.com/v8/finance/chart/QQQ?interv → <urlopen error _ssl.c:1112: The handshake operation timed out>
[Collector] https://query1.finance.yahoo.com/v8/finance/chart/COIN?inter → <urlopen error _ssl.c:1112: The handshake operation timed out>
[Collector] https://query1.finance.yahoo.com/v8/finance/chart/GME?interv → <urlopen error _ssl.c:1112: The handshake operation timed out>
[Collector] https://api.binance.com/api/v3/ticker/24hr → <urlopen error _ssl.c:1112: The handshake operation timed out>
[Collector] https://api.github.com/search/repositories?q=stars:%3E100+pu → <urlopen error _ssl.c:1112: The handshake operation timed out>
[Collector] https://hacker-news.firebaseio.com/v0/item/48331786.json → <urlopen error _ssl.c:1112: The handshake operation timed out>
[Collector] https://query1.finance.yahoo.com/v8/finance/chart/AAPL?inter → <urlopen error _ssl.c:1112: The handshake operation timed out>
[Collector] https://query1.finance.yahoo.com/v8/finance/chart/MSFT?inter → <urlopen error _ssl.c:1112: The handshake operation timed out>
[Collector] https://query1.finance.yahoo.com/v8/finance/chart/GOOGL?inte → <urlopen error _ssl.c:1112: The handshake operation timed out>
[Collector] https://query1.finance.yahoo.com/v8/finance/chart/NVDA?inter → <urlopen error _ssl.c:1112: The handshake operation timed out>
[Collector] https://query1.finance.yahoo.com/v8/finance/chart/TSLA?inter → <urlopen error _ssl.c:1112: The handshake operation timed out>
[Collector] https://query1.finance.yahoo.com/v8/finance/chart/META?inter → <urlopen error _ssl.c:1112: The handshake operation timed out>
[Collector] https://query1.finance.yahoo.com/v8/finance/chart/COIN?inter → <urlopen error _ssl.c:1112: The handshake operation timed out>
[Collector] https://query1.finance.yahoo.com/v8/finance/chart/GME?interv → <urlopen error _ssl.c:1112: The handshake operation timed out>
[Collector] https://api.binance.com/api/v3/ticker/24hr → <urlopen error [Errno 51] Network is unreachable>
[Collector] https://api.binance.com/api/v3/ticker/24hr → <urlopen error [Errno 51] Network is unreachable>
[Collector] https://api.binance.com/api/v3/ticker/24hr → <urlopen error [Errno 51] Network is unreachable>
[Collector] https://api.binance.com/api/v3/ticker/24hr → <urlopen error [Errno 51] Network is unreachable>
[Collector] https://api.binance.com/api/v3/ticker/24hr → <urlopen error [Errno 51] Network is unreachable>
[Collector] https://hacker-news.firebaseio.com/v0/item/48330436.json → <urlopen error _ssl.c:1112: The handshake operation timed out>
[Collector] https://hacker-news.firebaseio.com/v0/item/48291648.json → <urlopen error _ssl.c:1112: The handshake operation timed out>
[Collector] https://hacker-news.firebaseio.com/v0/item/48296946.json → <urlopen error _ssl.c:1112: The handshake operation timed out>
[Collector] https://query1.finance.yahoo.com/v8/finance/chart/TSLA?inter → <urlopen error _ssl.c:1112: The handshake operation timed out>
[Collector] https://hacker-news.firebaseio.com/v0/topstories.json → The read operation timed out
[Collector] https://hacker-news.firebaseio.com/v0/topstories.json → <urlopen error _ssl.c:1112: The handshake operation timed out>
[Collector] https://query1.finance.yahoo.com/v8/finance/chart/AAPL?inter → <urlopen error _ssl.c:1112: The handshake operation timed out>
[Collector] https://query1.finance.yahoo.com/v8/finance/chart/GOOGL?inte → <urlopen error _ssl.c:1112: The handshake operation timed out>
[Collector] https://query1.finance.yahoo.com/v8/finance/chart/NVDA?inter → <urlopen error _ssl.c:1112: The handshake operation timed out>
[Collector] https://query1.finance.yahoo.com/v8/finance/chart/TSLA?inter → <urlopen error _ssl.c:1112: The handshake operation timed out>
[Collector] https://query1.finance.yahoo.com/v8/finance/chart/META?inter → <urlopen error _ssl.c:1112: The handshake operation timed out>
[Collector] https://query1.finance.yahoo.com/v8/finance/chart/SPY?interv → <urlopen error _ssl.c:1112: The handshake operation timed out>
[Collector] https://query1.finance.yahoo.com/v8/finance/chart/QQQ?interv → <urlopen error _ssl.c:1112: The handshake operation timed out>
[Collector] https://query1.finance.yahoo.com/v8/finance/chart/COIN?inter → <urlopen error _ssl.c:1112: The handshake operation timed out>
[Collector] https://query1.finance.yahoo.com/v8/finance/chart/GME?interv → <urlopen error _ssl.c:1112: The handshake operation timed out>
[Collector] https://api.binance.com/api/v3/ticker/24hr → The read operation timed out
[Collector] https://hacker-news.firebaseio.com/v0/item/48334283.json → The read operation timed out
[Collector] https://hacker-news.firebaseio.com/v0/item/48326802.json → The read operation timed out
[Collector] https://hacker-news.firebaseio.com/v0/item/48333820.json → <urlopen error _ssl.c:1112: The handshake operation timed out>
[Collector] https://query1.finance.yahoo.com/v8/finance/chart/AAPL?inter → <urlopen error _ssl.c:1112: The handshake operation timed out>
[Collector] https://query1.finance.yahoo.com/v8/finance/chart/MSFT?inter → <urlopen error _ssl.c:1112: The handshake operation timed out>
[Collector] https://api.binance.com/api/v3/ticker/24hr → <urlopen error [SSL: CERTIFICATE_VERIFY_FAILED] certificate verify failed: unable to get local issuer certificate (_ssl.c:1129)>
[Collector] https://api.binance.com/api/v3/ticker/24hr → <urlopen error [SSL: CERTIFICATE_VERIFY_FAILED] certificate verify failed: unable to get local issuer certificate (_ssl.c:1129)>
[Collector] https://api.binance.com/api/v3/ticker/24hr → <urlopen error [SSL: CERTIFICATE_VERIFY_FAILED] certificate verify failed: unable to get local issuer certificate (_ssl.c:1129)>
[Collector] https://api.binance.com/api/v3/ticker/24hr → <urlopen error [SSL: CERTIFICATE_VERIFY_FAILED] certificate verify failed: unable to get local issuer certificate (_ssl.c:1129)>
[Collector] https://api.binance.com/api/v3/ticker/24hr → <urlopen error [SSL: CERTIFICATE_VERIFY_FAILED] certificate verify failed: unable to get local issuer certificate (_ssl.c:1129)>
[Collector] https://query1.finance.yahoo.com/v8/finance/chart/QQQ?interv → HTTP Error 400: Bad Request
[Collector] https://query1.finance.yahoo.com/v8/finance/chart/AAPL?inter → <urlopen error _ssl.c:1112: The handshake operation timed out>
[TrendPulse] Starting server on port 8766...
[TrendPulse] Server starting at http://localhost:8766
 * Serving Flask app 'app'
 * Debug mode: off
[TrendPulse] Starting server on port 8766...
[TrendPulse] Server starting at http://localhost:8766
 * Serving Flask app 'app'
 * Debug mode: off
[TrendPulse] Starting server on port 8766...
[TrendPulse] Server starting at http://localhost:8766
 * Serving Flask app 'app'
 * Debug mode: off
[TrendPulse] Starting server on port 8766...
[TrendPulse] Server starting at http://localhost:8766
 * Serving Flask app 'app'
 * Debug mode: off
[TrendPulse] Starting server on port 8766...
[TrendPulse] Server starting at http://localhost:8766
 * Serving Flask app 'app'
 * Debug mode: off
[TrendPulse] Starting server on port 8766...
[TrendPulse] Server starting at http://localhost:8766
 * Serving Flask app 'app'
 * Debug mode: off
[TrendPulse] Starting server on port 8766...
[TrendPulse] Server starting at http://localhost:8766
 * Serving Flask app 'app'
 * Debug mode: off
[TrendPulse] Starting server on port 8766...
[TrendPulse] Starting http://localhost:8766
 * Serving Flask app 'app'
 * Debug mode: off
[TrendPulse] Starting server on port 8766...
[TrendPulse] Starting http://localhost:8766
 * Serving Flask app 'app'
 * Debug mode: off
[TrendPulse] Starting server on port 8766...
[TrendPulse] Starting http://localhost:8766
 * Serving Flask app 'app'
 * Debug mode: off
[TrendPulse] Starting server on port 8766...
[TrendPulse] Starting http://localhost:8766
 * Serving Flask app 'app'
 * Debug mode: off
[TrendPulse] Starting server on port 8766...
[TrendPulse] Starting http://localhost:8766
 * Serving Flask app 'app'
 * Debug mode: off
[TrendPulse] Starting server on port 8766...
[TrendPulse] Starting http://localhost:8766
 * Serving Flask app 'app'
 * Debug mode: off
[TrendPulse] Starting server on port 8766...
[TrendPulse] Starting http://localhost:8766
 * Serving Flask app 'app'
 * Debug mode: off
[TrendPulse] Starting server on port 8766...
[TrendPulse] Starting http://localhost:8766
 * Serving Flask app 'app'
 * Debug mode: off
[TrendPulse] Starting server on port 8766...
[TrendPulse] Starting http://localhost:8766
 * Serving Flask app 'app'
 * Debug mode: off
[TrendPulse] Starting server on port 8766...
[TrendPulse] Starting http://localhost:8766
 * Serving Flask app 'app'
 * Debug mode: off
[TrendPulse] Starting server on port 8766...
[TrendPulse] Starting http://localhost:8766
 * Serving Flask app 'app'
 * Debug mode: off
[TrendPulse] Starting server on port 8766...
[TrendPulse] Starting http://localhost:8766
 * Serving Flask app 'app'
 * Debug mode: off
[TrendPulse] Starting server on port 8766...
[TrendPulse] Starting http://localhost:8766
 * Serving Flask app 'app'
 * Debug mode: off
[TrendPulse] Starting server on port 8766...
[TrendPulse] Starting http://localhost:8766
 * Serving Flask app 'app'
 * Debug mode: off
[TrendPulse] Starting server on port 8766...
[TrendPulse] Starting http://localhost:8766
 * Serving Flask app 'app'
 * Debug mode: off
[TrendPulse] Starting server on port 8766...
[TrendPulse] Starting http://localhost:8766
 * Serving Flask app 'app'
 * Debug mode: off
[TrendPulse] Starting server on port 8766...
[TrendPulse] Starting http://localhost:8766
 * Serving Flask app 'app'
 * Debug mode: off
[TrendPulse] Starting server on port 8766...
[TrendPulse] Starting http://localhost:8766
 * Serving Flask app 'app'
 * Debug mode: off
[TrendPulse] Starting server on port 8766...
[TrendPulse] Starting http://localhost:8766
 * Serving Flask app 'app'
 * Debug mode: off
[TrendPulse] Starting server on port 8766...
[TrendPulse] Starting http://localhost:8766
 * Serving Flask app 'app'
 * Debug mode: off
[TrendPulse] Starting server on port 8766...
[TrendPulse] Starting http://localhost:8766
 * Serving Flask app 'app'
 * Debug mode: off
[TrendPulse] Starting server on port 8766...
[TrendPulse] Starting http://localhost:8766
 * Serving Flask app 'app'
 * Debug mode: off
[TrendPulse] Starting server on port 8766...
[TrendPulse] Starting http://localhost:8766
 * Serving Flask app 'app'
 * Debug mode: off
[TrendPulse] Starting server on port 8766...
[TrendPulse] Starting http://localhost:8766
 * Serving Flask app 'app'
 * Debug mode: off
[TrendPulse] Starting server on port 8766...
[TrendPulse] Starting http://localhost:8766
 * Serving Flask app 'app'
 * Debug mode: off
[TrendPulse] Starting server on port 8766...
[TrendPulse] Starting http://localhost:8766
 * Serving Flask app 'app'
 * Debug mode: off
[TrendPulse] Starting server on port 8766...
[TrendPulse] Starting http://localhost:8766
 * Serving Flask app 'app'
 * Debug mode: off
[TrendPulse] Starting server on port 8766...
[TrendPulse] Starting http://localhost:8766
 * Serving Flask app 'app'
 * Debug mode: off
[TrendPulse] Starting server on port 8766...
[TrendPulse] Starting http://localhost:8766
 * Serving Flask app 'app'
 * Debug mode: off
[TrendPulse] Starting server on port 8766...
[TrendPulse] Starting http://localhost:8766
 * Serving Flask app 'app'
 * Debug mode: off
[TrendPulse] Starting server on port 8766...
[TrendPulse] Starting http://localhost:8766
 * Serving Flask app 'app'
 * Debug mode: off
[TrendPulse] Starting server on port 8766...
[TrendPulse] Starting http://localhost:8766
 * Serving Flask app 'app'
 * Debug mode: off
[TrendPulse] Starting server on port 8766...
[TrendPulse] Starting http://localhost:8766
 * Serving Flask app 'app'
 * Debug mode: off
[TrendPulse] Starting server on port 8766...
[TrendPulse] Starting http://localhost:8766
 * Serving Flask app 'app'
 * Debug mode: off
[TrendPulse] Starting server on port 8766...
[TrendPulse] Starting http://localhost:8766
 * Serving Flask app 'app'
 * Debug mode: off
[TrendPulse] Starting server on port 8766...
[TrendPulse] Starting http://localhost:8766
 * Serving Flask app 'app'
 * Debug mode: off
[TrendPulse] Starting server on port 8766...
[TrendPulse] Starting http://localhost:8766
 * Serving Flask app 'app'
 * Debug mode: off
[TrendPulse] Starting server on port 8766...
[TrendPulse] Starting http://localhost:8766
 * Serving Flask app 'app'
 * Debug mode: off
[TrendPulse] Starting server on port 8766...
[TrendPulse] Starting http://localhost:8766
 * Serving Flask app 'app'
 * Debug mode: off
[TrendPulse] Starting server on port 8766...
[TrendPulse] Starting http://localhost:8766
 * Serving Flask app 'app'
 * Debug mode: off
[TrendPulse] Starting server on port 8766...
[TrendPulse] Starting http://localhost:8766
 * Serving Flask app 'app'
 * Debug mode: off
[TrendPulse] Starting server on port 8766...
[TrendPulse] Starting http://localhost:8766
 * Serving Flask app 'app'
 * Debug mode: off
[TrendPulse] Starting server on port 8766...
[TrendPulse] Starting http://localhost:8766
 * Serving Flask app 'app'
 * Debug mode: off
[TrendPulse] Starting server on port 8766...
[TrendPulse] Starting http://localhost:8766
 * Serving Flask app 'app'
 * Debug mode: off
[TrendPulse] Starting server on port 8766...
[TrendPulse] Starting http://localhost:8766
 * Serving Flask app 'app'
 * Debug mode: off
[TrendPulse] Starting server on port 8766...
[TrendPulse] Starting http://localhost:8766
 * Serving Flask app 'app'
 * Debug mode: off
